
Enter an integer > 
0
That's all, have a nice day!
