
Enter an integer > 
2
6
6
8
6
5
5
0
0
1
That's all, have a nice day!
