
Enter an integer > 
9
1
That's all, have a nice day!
