
Enter an integer > 
0
9
6
That's all, have a nice day!
