
Enter an integer > 
0
2
5
3
That's all, have a nice day!
