
Enter an integer > 
8
6
7
2
3
That's all, have a nice day!
