
Enter an integer > 
0
0
0
2
1
5
That's all, have a nice day!
