
Enter an integer > 
1
5
0
6
2
5
1
That's all, have a nice day!
