
Enter an integer > 
1
3
6
0
6
9
0
4
That's all, have a nice day!
