
Enter an integer > 
0
2
5
9
7
6
0
4
1
That's all, have a nice day!
