Please enter 4 numbers separated by spaces > 2 is the smallest
