Please enter 4 numbers separated by spaces > -1 is the smallest
