
Enter an integer > 
4
3
2
1
That's all, have a nice day!
