
Enter an integer > 
6
7
8
-9
That's all, have a nice day!
