
Enter an integer > 
2
7
2
0
3
7
3
That's all, have a nice day!
