
Enter an integer > 
8
That's all, have a nice day!
