
Enter an integer > 
4
7
3
9
8
That's all, have a nice day!
