
Enter an integer > 
6
6
6
6
6
6
6
That's all, have a nice day!
