Please enter 3 numbers separated by spaces > 0 is the median
