Please enter 3 numbers separated by spaces > 1 is the median
