Please enter 3 numbers separated by spaces > 2 is the median
