Please enter 4 numbers separated by spaces > 0 is the smallest
