Please enter 3 numbers separated by spaces > 6 is the median
