Please enter 3 numbers separated by spaces > 9 is the median
