Enter thresholds for A, B, C, D
in that order, decreasing percentages > Thank you. Now enter student score (percent) >Student has an C grade
